MPLINK 4.37, Linker
Linker Map File - Created Mon Feb 07 19:33:02 2011

                                 Section Info
                  Section       Type    Address   Location Size(Bytes)
                ---------  ---------  ---------  ---------  ---------
               _entry_scn       code   0x000000    program   0x000006
   _HIGH_INTERRUPT_VECTOR       code   0x000008    program   0x000006
    _LOW_INTERRUPT_VECTOR       code   0x000018    program   0x000006
                   .cinit    romdata   0x00002a    program   0x000002
             .code_main.o       code   0x00002c    program   0x000e7e
          .romdata_main.o    romdata   0x000eaa    program   0x000334
               _cinit_scn       code   0x0011de    program   0x00009e
          .code_fxm3232.o       code   0x00127c    program   0x000070
                     PROG       code   0x0012ec    program   0x00003c
             .stringtable    romdata   0x001328    program   0x000025
        .romdata___init.o    romdata   0x00134d    program   0x000000
        .idata___init.o_i    romdata   0x00134d    program   0x000000
       .romdata_fxm3232.o    romdata   0x00134d    program   0x000000
       .idata_fxm3232.o_i    romdata   0x00134d    program   0x000000
         .idata_c018i.o_i    romdata   0x00134d    program   0x000000
         .romdata_c018i.o    romdata   0x00134d    program   0x000000
          .idata_main.o_i    romdata   0x00134d    program   0x000000
            .code_c018i.o       code   0x00134e    program   0x000000
              D1KTCYXCODE       code   0x00134e    program   0x000020
                    .code       code   0x00136e    program   0x000020
             _startup_scn       code   0x00138e    program   0x00001c
           .code___init.o       code   0x0013aa    program   0x000002
    .config_300001_main.o    romdata   0x300001    program   0x000001
    .config_300002_main.o    romdata   0x300002    program   0x000001
    .config_300003_main.o    romdata   0x300003    program   0x000001
    .config_300005_main.o    romdata   0x300005    program   0x000001
    .config_300006_main.o    romdata   0x300006    program   0x000001
    .config_300008_main.o    romdata   0x300008    program   0x000001
    .config_300009_main.o    romdata   0x300009    program   0x000001
    .config_30000a_main.o    romdata   0x30000a    program   0x000001
    .config_30000b_main.o    romdata   0x30000b    program   0x000001
                MATH_DATA      udata   0x000000       data   0x000014
                 .tmpdata      udata   0x000014       data   0x000010
                DELAYDAT1      udata   0x000024       data   0x000001
    sector_buffer_section      udata   0x000400       data   0x000201
                   .stack      udata   0x000e00       data   0x000100
            .udata_main.o      udata   0x000f00       data   0x000016
           .udata_c018i.o      udata   0x000f16       data   0x00000a
           .idata_c018i.o      idata   0x000f20       data   0x000000
            .idata_main.o      idata   0x000f20       data   0x000000
         .udata_fxm3232.o      udata   0x000f20       data   0x000000
         .idata_fxm3232.o      idata   0x000f20       data   0x000000
          .udata___init.o      udata   0x000f20       data   0x000000
          .idata___init.o      idata   0x000f20       data   0x000000
            SFR_UNBANKED0      udata   0x000f77       data   0x000089



                              Program Memory Usage 
                               Start         End      
                           ---------   ---------      
                            0x000000    0x000005      
                            0x000008    0x00000d      
                            0x000018    0x00001d      
                            0x00002a    0x00134c      
                            0x00134e    0x0013ab      
                            0x300001    0x300003      
                            0x300005    0x300006      
                            0x300008    0x30000b      
            5020 out of 9240 program addresses used, program memory utilization is 54%



                              Symbols - Sorted by Name
                     Name    Address   Location    Storage File                     
                ---------  ---------  ---------  --------- ---------                
                    D1K_1   0x00135a    program     static C:\MCC18\src\traditional\delays\d1ktcyx.asm
                     D1Kx   0x001358    program     static C:\MCC18\src\traditional\delays\d1ktcyx.asm
              Delay1KTCYx   0x00134e    program     extern C:\MCC18\src\traditional\delays\d1ktcyx.asm
                 FXM1616U   0x0012ec    program     extern C:\MCC18\src\traditional\math\fxm1616u.asm
                  FXM3232   0x00127c    program     extern C:\MCC18\src\traditional\math\fxm3232.c
                      SPI   0x0004a6    program     static I:\Projects\Cumulus\boot\main.c
        _D1KTCYXCODE_0010   0x00135e    program     static C:\MCC18\src\traditional\delays\d1ktcyx.asm
        _D1KTCYXCODE_0016   0x001364    program     static C:\MCC18\src\traditional\delays\d1ktcyx.asm
                 _FONT6X8   0x000eaa    program     static I:\Projects\Cumulus\fw\fonts.h
           ___if_lbl00104   0x000c04    program     static                          
       ___return_lbl00000   0x0012ea    program     static                          
       ___return_lbl00000   0x000004    program     static                          
       ___return_lbl00000   0x00000c    program     static                          
       ___return_lbl00001   0x00001c    program     static                          
       ___return_lbl00001   0x0013a8    program     static                          
       ___return_lbl00002   0x00127a    program     static                          
       ___return_lbl00102   0x000c08    program     static                          
               __config_0   0x300001    program     static I:\Projects\Cumulus\boot\main.c
               __config_1   0x300002    program     static I:\Projects\Cumulus\boot\main.c
               __config_2   0x300003    program     static I:\Projects\Cumulus\boot\main.c
               __config_3   0x300005    program     static I:\Projects\Cumulus\boot\main.c
               __config_4   0x300006    program     static I:\Projects\Cumulus\boot\main.c
               __config_5   0x300008    program     static I:\Projects\Cumulus\boot\main.c
               __config_6   0x300009    program     static I:\Projects\Cumulus\boot\main.c
               __config_7   0x30000a    program     static I:\Projects\Cumulus\boot\main.c
               __config_8   0x30000b    program     static I:\Projects\Cumulus\boot\main.c
                   __init   0x0013aa    program     extern C:\MCC18\src\traditional\stdclib\__init.c
                   __pa_0   0x000c0a    program     static I:\Projects\Cumulus\boot\main.c
                   __pa_1   0x000c18    program     static I:\Projects\Cumulus\boot\main.c
                  __pa_10   0x000c82    program     static I:\Projects\Cumulus\boot\main.c
                  __pa_11   0x000c90    program     static I:\Projects\Cumulus\boot\main.c
                  __pa_12   0x000c9e    program     static I:\Projects\Cumulus\boot\main.c
                  __pa_13   0x000cc2    program     static I:\Projects\Cumulus\boot\main.c
                  __pa_14   0x000ce2    program     static I:\Projects\Cumulus\boot\main.c
                  __pa_15   0x000cf4    program     static I:\Projects\Cumulus\boot\main.c
                  __pa_16   0x000d00    program     static I:\Projects\Cumulus\boot\main.c
                  __pa_17   0x000d0c    program     static I:\Projects\Cumulus\boot\main.c
                  __pa_18   0x000d18    program     static I:\Projects\Cumulus\boot\main.c
                  __pa_19   0x000d32    program     static I:\Projects\Cumulus\boot\main.c
                   __pa_2   0x000c22    program     static I:\Projects\Cumulus\boot\main.c
                  __pa_20   0x000d40    program     static I:\Projects\Cumulus\boot\main.c
                  __pa_21   0x000d58    program     static I:\Projects\Cumulus\boot\main.c
                  __pa_22   0x000d5e    program     static I:\Projects\Cumulus\boot\main.c
                  __pa_23   0x000d6a    program     static I:\Projects\Cumulus\boot\main.c
                  __pa_24   0x000d7a    program     static I:\Projects\Cumulus\boot\main.c
                  __pa_25   0x000d80    program     static I:\Projects\Cumulus\boot\main.c
                  __pa_26   0x000d94    program     static I:\Projects\Cumulus\boot\main.c
                  __pa_27   0x000da8    program     static I:\Projects\Cumulus\boot\main.c
                  __pa_28   0x000db0    program     static I:\Projects\Cumulus\boot\main.c
                  __pa_29   0x000dc2    program     static I:\Projects\Cumulus\boot\main.c
                   __pa_3   0x000c26    program     static I:\Projects\Cumulus\boot\main.c
                  __pa_30   0x000dca    program     static I:\Projects\Cumulus\boot\main.c
                  __pa_31   0x000dd4    program     static I:\Projects\Cumulus\boot\main.c
                  __pa_32   0x000de4    program     static I:\Projects\Cumulus\boot\main.c
                  __pa_33   0x000df2    program     static I:\Projects\Cumulus\boot\main.c
                  __pa_34   0x000e00    program     static I:\Projects\Cumulus\boot\main.c
                  __pa_35   0x000e0e    program     static I:\Projects\Cumulus\boot\main.c
                  __pa_36   0x000e18    program     static I:\Projects\Cumulus\boot\main.c
                  __pa_37   0x000e22    program     static I:\Projects\Cumulus\boot\main.c
                  __pa_38   0x000e2a    program     static I:\Projects\Cumulus\boot\main.c
                  __pa_39   0x000e30    program     static I:\Projects\Cumulus\boot\main.c
                   __pa_4   0x000c30    program     static I:\Projects\Cumulus\boot\main.c
                  __pa_40   0x000e42    program     static I:\Projects\Cumulus\boot\main.c
                  __pa_41   0x000e4a    program     static I:\Projects\Cumulus\boot\main.c
                  __pa_42   0x000e52    program     static I:\Projects\Cumulus\boot\main.c
                  __pa_43   0x000e60    program     static I:\Projects\Cumulus\boot\main.c
                  __pa_44   0x000e6a    program     static I:\Projects\Cumulus\boot\main.c
                  __pa_45   0x000e74    program     static I:\Projects\Cumulus\boot\main.c
                  __pa_46   0x000e7e    program     static I:\Projects\Cumulus\boot\main.c
                  __pa_47   0x000e88    program     static I:\Projects\Cumulus\boot\main.c
                  __pa_48   0x000e92    program     static I:\Projects\Cumulus\boot\main.c
                  __pa_49   0x000e9a    program     static I:\Projects\Cumulus\boot\main.c
                   __pa_5   0x000c3a    program     static I:\Projects\Cumulus\boot\main.c
                  __pa_50   0x000ea2    program     static I:\Projects\Cumulus\boot\main.c
                   __pa_6   0x000c42    program     static I:\Projects\Cumulus\boot\main.c
                   __pa_7   0x000c50    program     static I:\Projects\Cumulus\boot\main.c
                   __pa_8   0x000c62    program     static I:\Projects\Cumulus\boot\main.c
                   __pa_9   0x000c74    program     static I:\Projects\Cumulus\boot\main.c
               __string_1   0x00133b    program     static I:\Projects\Cumulus\boot\main.c
               __string_2   0x001328    program     static I:\Projects\Cumulus\boot\main.c
              __tmplbl_10   0x000c3a    program     static                          
              __tmplbl_11   0x000c3a    program     static                          
              __tmplbl_12   0x000c3a    program     static                          
              __tmplbl_13   0x000c3a    program     static                          
              __tmplbl_14   0x000c3a    program     static                          
              __tmplbl_16   0x000c3a    program     static                          
               __tmplbl_2   0x000be2    program     static                          
               __tmplbl_3   0x000bdc    program     static                          
               __tmplbl_4   0x000c3a    program     static                          
               __tmplbl_7   0x000c3a    program     static                          
            __zero_memory   0x00136e    program     extern C:\MCC18\src\traditional\proc\p18F46K20.asm
                _do_cinit   0x0011de    program     extern C:\MCC18\src\traditional\startup\c018i.c
                   _entry   0x000000    program     extern C:\MCC18\src\traditional\startup\c018i.c
                _high_ISR   0x000008    program     extern I:\Projects\Cumulus\boot\main.c
                 _low_ISR   0x000018    program     extern I:\Projects\Cumulus\boot\main.c
                 _startup   0x00138e    program     extern C:\MCC18\src\traditional\startup\c018i.c
             card_command   0x0004c0    program     extern I:\Projects\Cumulus\boot\main.c
                card_init   0x0004f4    program     extern I:\Projects\Cumulus\boot\main.c
                card_read   0x0005d0    program     extern I:\Projects\Cumulus\boot\main.c
                compare_l   0x001384    program     static C:\MCC18\src\traditional\proc\p18F46K20.asm
                copy_loop   0x001250    program     static                          
            copy_one_byte   0x001256    program     static                          
                     done   0x00127a    program     static                          
             done_copying   0x001264    program     static                          
       erase_program_page   0x00002c    program     extern I:\Projects\Cumulus\boot\main.c
               fat32_init   0x0006f0    program     extern I:\Projects\Cumulus\boot\main.c
               hex_lookup   0x0011ce    program     extern I:\Projects\Cumulus\boot\main.c
              init_EUSART   0x0000d4    program     static I:\Projects\Cumulus\boot\main.c
                     loop   0x00139e    program     static                          
                   loop_h   0x00137c    program     static C:\MCC18\src\traditional\proc\p18F46K20.asm
                   loop_l   0x001386    program     static C:\MCC18\src\traditional\proc\p18F46K20.asm
                     main   0x000bcc    program     extern I:\Projects\Cumulus\boot\main.c
n6610_debug_message_short   0x000374    program     extern I:\Projects\Cumulus\boot\main.c
          n6610_draw_char   0x000200    program     extern I:\Projects\Cumulus\boot\main.c
       n6610_draw_rom_str   0x000322    program     extern I:\Projects\Cumulus\boot\main.c
          n6610_fill_area   0x000160    program     static I:\Projects\Cumulus\boot\main.c
               n6610_init   0x00042c    program     extern I:\Projects\Cumulus\boot\main.c
      n6610_write_command   0x0000f2    program     static I:\Projects\Cumulus\boot\main.c
         n6610_write_data   0x000114    program     static I:\Projects\Cumulus\boot\main.c
             reverse_bits   0x000138    program     static I:\Projects\Cumulus\boot\main.c
            reverse_table   0x0011be    program     static I:\Projects\Cumulus\boot\main.c
          str_cumulus_bin   0x0011b2    program     extern I:\Projects\Cumulus\boot\main.c
                     test   0x0011f8    program     static                          
          update_firmware   0x0008a0    program     extern I:\Projects\Cumulus\boot\main.c
               zero_block   0x00137c    program     static C:\MCC18\src\traditional\proc\p18F46K20.asm
                   ADCON0   0x000fc2       data     extern C:\MCC18\src\traditional\proc\p18F46K20.asm
               ADCON0bits   0x000fc2       data     extern C:\MCC18\src\traditional\proc\p18F46K20.asm
                   ADCON1   0x000fc1       data     extern C:\MCC18\src\traditional\proc\p18F46K20.asm
               ADCON1bits   0x000fc1       data     extern C:\MCC18\src\traditional\proc\p18F46K20.asm
                   ADCON2   0x000fc0       data     extern C:\MCC18\src\traditional\proc\p18F46K20.asm
               ADCON2bits   0x000fc0       data     extern C:\MCC18\src\traditional\proc\p18F46K20.asm
                    ADRES   0x000fc3       data     extern C:\MCC18\src\traditional\proc\p18F46K20.asm
                   ADRESH   0x000fc4       data     extern C:\MCC18\src\traditional\proc\p18F46K20.asm
                   ADRESL   0x000fc3       data     extern C:\MCC18\src\traditional\proc\p18F46K20.asm
                    ANSEL   0x000f7e       data     extern C:\MCC18\src\traditional\proc\p18F46K20.asm
                   ANSELH   0x000f7f       data     extern C:\MCC18\src\traditional\proc\p18F46K20.asm
               ANSELHbits   0x000f7f       data     extern C:\MCC18\src\traditional\proc\p18F46K20.asm
                ANSELbits   0x000f7e       data     extern C:\MCC18\src\traditional\proc\p18F46K20.asm
                  BAUDCON   0x000fb8       data     extern C:\MCC18\src\traditional\proc\p18F46K20.asm
              BAUDCONbits   0x000fb8       data     extern C:\MCC18\src\traditional\proc\p18F46K20.asm
                  BAUDCTL   0x000fb8       data     extern C:\MCC18\src\traditional\proc\p18F46K20.asm
              BAUDCTLbits   0x000fb8       data     extern C:\MCC18\src\traditional\proc\p18F46K20.asm
                      BSR   0x000fe0       data     extern C:\MCC18\src\traditional\proc\p18F46K20.asm
                  CCP1CON   0x000fbd       data     extern C:\MCC18\src\traditional\proc\p18F46K20.asm
              CCP1CONbits   0x000fbd       data     extern C:\MCC18\src\traditional\proc\p18F46K20.asm
                  CCP2CON   0x000fba       data     extern C:\MCC18\src\traditional\proc\p18F46K20.asm
              CCP2CONbits   0x000fba       data     extern C:\MCC18\src\traditional\proc\p18F46K20.asm
                    CCPR1   0x000fbe       data     extern C:\MCC18\src\traditional\proc\p18F46K20.asm
                   CCPR1H   0x000fbf       data     extern C:\MCC18\src\traditional\proc\p18F46K20.asm
                   CCPR1L   0x000fbe       data     extern C:\MCC18\src\traditional\proc\p18F46K20.asm
                    CCPR2   0x000fbb       data     extern C:\MCC18\src\traditional\proc\p18F46K20.asm
                   CCPR2H   0x000fbc       data     extern C:\MCC18\src\traditional\proc\p18F46K20.asm
                   CCPR2L   0x000fbb       data     extern C:\MCC18\src\traditional\proc\p18F46K20.asm
                  CM1CON0   0x000f7b       data     extern C:\MCC18\src\traditional\proc\p18F46K20.asm
              CM1CON0bits   0x000f7b       data     extern C:\MCC18\src\traditional\proc\p18F46K20.asm
                  CM2CON0   0x000f7a       data     extern C:\MCC18\src\traditional\proc\p18F46K20.asm
              CM2CON0bits   0x000f7a       data     extern C:\MCC18\src\traditional\proc\p18F46K20.asm
                  CM2CON1   0x000f79       data     extern C:\MCC18\src\traditional\proc\p18F46K20.asm
              CM2CON1bits   0x000f79       data     extern C:\MCC18\src\traditional\proc\p18F46K20.asm
                   CVRCON   0x000fb5       data     extern C:\MCC18\src\traditional\proc\p18F46K20.asm
                  CVRCON2   0x000fb4       data     extern C:\MCC18\src\traditional\proc\p18F46K20.asm
              CVRCON2bits   0x000fb4       data     extern C:\MCC18\src\traditional\proc\p18F46K20.asm
               CVRCONbits   0x000fb5       data     extern C:\MCC18\src\traditional\proc\p18F46K20.asm
                     DDRA   0x000f92       data     extern C:\MCC18\src\traditional\proc\p18F46K20.asm
                 DDRAbits   0x000f92       data     extern C:\MCC18\src\traditional\proc\p18F46K20.asm
                     DDRB   0x000f93       data     extern C:\MCC18\src\traditional\proc\p18F46K20.asm
                 DDRBbits   0x000f93       data     extern C:\MCC18\src\traditional\proc\p18F46K20.asm
                     DDRC   0x000f94       data     extern C:\MCC18\src\traditional\proc\p18F46K20.asm
                 DDRCbits   0x000f94       data     extern C:\MCC18\src\traditional\proc\p18F46K20.asm
                     DDRD   0x000f95       data     extern C:\MCC18\src\traditional\proc\p18F46K20.asm
                 DDRDbits   0x000f95       data     extern C:\MCC18\src\traditional\proc\p18F46K20.asm
                     DDRE   0x000f96       data     extern C:\MCC18\src\traditional\proc\p18F46K20.asm
                 DDREbits   0x000f96       data     extern C:\MCC18\src\traditional\proc\p18F46K20.asm
            DelayCounter1   0x000024       data     extern C:\MCC18\src\traditional\delays\delayd1.asm
                  ECCP1AS   0x000fb6       data     extern C:\MCC18\src\traditional\proc\p18F46K20.asm
              ECCP1ASbits   0x000fb6       data     extern C:\MCC18\src\traditional\proc\p18F46K20.asm
                    EEADR   0x000fa9       data     extern C:\MCC18\src\traditional\proc\p18F46K20.asm
                   EEADRH   0x000faa       data     extern C:\MCC18\src\traditional\proc\p18F46K20.asm
               EEADRHbits   0x000faa       data     extern C:\MCC18\src\traditional\proc\p18F46K20.asm
                EEADRbits   0x000fa9       data     extern C:\MCC18\src\traditional\proc\p18F46K20.asm
                   EECON1   0x000fa6       data     extern C:\MCC18\src\traditional\proc\p18F46K20.asm
               EECON1bits   0x000fa6       data     extern C:\MCC18\src\traditional\proc\p18F46K20.asm
                   EECON2   0x000fa7       data     extern C:\MCC18\src\traditional\proc\p18F46K20.asm
                   EEDATA   0x000fa8       data     extern C:\MCC18\src\traditional\proc\p18F46K20.asm
                     FSR0   0x000fe9       data     extern C:\MCC18\src\traditional\proc\p18F46K20.asm
                    FSR0H   0x000fea       data     extern C:\MCC18\src\traditional\proc\p18F46K20.asm
                    FSR0L   0x000fe9       data     extern C:\MCC18\src\traditional\proc\p18F46K20.asm
                     FSR1   0x000fe1       data     extern C:\MCC18\src\traditional\proc\p18F46K20.asm
                    FSR1H   0x000fe2       data     extern C:\MCC18\src\traditional\proc\p18F46K20.asm
                    FSR1L   0x000fe1       data     extern C:\MCC18\src\traditional\proc\p18F46K20.asm
                     FSR2   0x000fd9       data     extern C:\MCC18\src\traditional\proc\p18F46K20.asm
                    FSR2H   0x000fda       data     extern C:\MCC18\src\traditional\proc\p18F46K20.asm
                    FSR2L   0x000fd9       data     extern C:\MCC18\src\traditional\proc\p18F46K20.asm
                  HLVDCON   0x000fd2       data     extern C:\MCC18\src\traditional\proc\p18F46K20.asm
              HLVDCONbits   0x000fd2       data     extern C:\MCC18\src\traditional\proc\p18F46K20.asm
                    INDF0   0x000fef       data     extern C:\MCC18\src\traditional\proc\p18F46K20.asm
                    INDF1   0x000fe7       data     extern C:\MCC18\src\traditional\proc\p18F46K20.asm
                    INDF2   0x000fdf       data     extern C:\MCC18\src\traditional\proc\p18F46K20.asm
                   INTCON   0x000ff2       data     extern C:\MCC18\src\traditional\proc\p18F46K20.asm
                  INTCON2   0x000ff1       data     extern C:\MCC18\src\traditional\proc\p18F46K20.asm
              INTCON2bits   0x000ff1       data     extern C:\MCC18\src\traditional\proc\p18F46K20.asm
                  INTCON3   0x000ff0       data     extern C:\MCC18\src\traditional\proc\p18F46K20.asm
              INTCON3bits   0x000ff0       data     extern C:\MCC18\src\traditional\proc\p18F46K20.asm
               INTCONbits   0x000ff2       data     extern C:\MCC18\src\traditional\proc\p18F46K20.asm
                     IOCB   0x000f7d       data     extern C:\MCC18\src\traditional\proc\p18F46K20.asm
                 IOCBbits   0x000f7d       data     extern C:\MCC18\src\traditional\proc\p18F46K20.asm
                     IPR1   0x000f9f       data     extern C:\MCC18\src\traditional\proc\p18F46K20.asm
                 IPR1bits   0x000f9f       data     extern C:\MCC18\src\traditional\proc\p18F46K20.asm
                     IPR2   0x000fa2       data     extern C:\MCC18\src\traditional\proc\p18F46K20.asm
                 IPR2bits   0x000fa2       data     extern C:\MCC18\src\traditional\proc\p18F46K20.asm
                     LATA   0x000f89       data     extern C:\MCC18\src\traditional\proc\p18F46K20.asm
                 LATAbits   0x000f89       data     extern C:\MCC18\src\traditional\proc\p18F46K20.asm
                     LATB   0x000f8a       data     extern C:\MCC18\src\traditional\proc\p18F46K20.asm
                 LATBbits   0x000f8a       data     extern C:\MCC18\src\traditional\proc\p18F46K20.asm
                     LATC   0x000f8b       data     extern C:\MCC18\src\traditional\proc\p18F46K20.asm
                 LATCbits   0x000f8b       data     extern C:\MCC18\src\traditional\proc\p18F46K20.asm
                     LATD   0x000f8c       data     extern C:\MCC18\src\traditional\proc\p18F46K20.asm
                 LATDbits   0x000f8c       data     extern C:\MCC18\src\traditional\proc\p18F46K20.asm
                     LATE   0x000f8d       data     extern C:\MCC18\src\traditional\proc\p18F46K20.asm
                 LATEbits   0x000f8d       data     extern C:\MCC18\src\traditional\proc\p18F46K20.asm
                   LVDCON   0x000fd2       data     extern C:\MCC18\src\traditional\proc\p18F46K20.asm
               LVDCONbits   0x000fd2       data     extern C:\MCC18\src\traditional\proc\p18F46K20.asm
                   OSCCON   0x000fd3       data     extern C:\MCC18\src\traditional\proc\p18F46K20.asm
               OSCCONbits   0x000fd3       data     extern C:\MCC18\src\traditional\proc\p18F46K20.asm
                  OSCTUNE   0x000f9b       data     extern C:\MCC18\src\traditional\proc\p18F46K20.asm
              OSCTUNEbits   0x000f9b       data     extern C:\MCC18\src\traditional\proc\p18F46K20.asm
                       PC   0x000ff9       data     extern C:\MCC18\src\traditional\proc\p18F46K20.asm
                      PCL   0x000ff9       data     extern C:\MCC18\src\traditional\proc\p18F46K20.asm
                   PCLATH   0x000ffa       data     extern C:\MCC18\src\traditional\proc\p18F46K20.asm
                   PCLATU   0x000ffb       data     extern C:\MCC18\src\traditional\proc\p18F46K20.asm
                     PIE1   0x000f9d       data     extern C:\MCC18\src\traditional\proc\p18F46K20.asm
                 PIE1bits   0x000f9d       data     extern C:\MCC18\src\traditional\proc\p18F46K20.asm
                     PIE2   0x000fa0       data     extern C:\MCC18\src\traditional\proc\p18F46K20.asm
                 PIE2bits   0x000fa0       data     extern C:\MCC18\src\traditional\proc\p18F46K20.asm
                     PIR1   0x000f9e       data     extern C:\MCC18\src\traditional\proc\p18F46K20.asm
                 PIR1bits   0x000f9e       data     extern C:\MCC18\src\traditional\proc\p18F46K20.asm
                     PIR2   0x000fa1       data     extern C:\MCC18\src\traditional\proc\p18F46K20.asm
                 PIR2bits   0x000fa1       data     extern C:\MCC18\src\traditional\proc\p18F46K20.asm
                   PLUSW0   0x000feb       data     extern C:\MCC18\src\traditional\proc\p18F46K20.asm
                   PLUSW1   0x000fe3       data     extern C:\MCC18\src\traditional\proc\p18F46K20.asm
                   PLUSW2   0x000fdb       data     extern C:\MCC18\src\traditional\proc\p18F46K20.asm
                    PORTA   0x000f80       data     extern C:\MCC18\src\traditional\proc\p18F46K20.asm
                PORTAbits   0x000f80       data     extern C:\MCC18\src\traditional\proc\p18F46K20.asm
                    PORTB   0x000f81       data     extern C:\MCC18\src\traditional\proc\p18F46K20.asm
                PORTBbits   0x000f81       data     extern C:\MCC18\src\traditional\proc\p18F46K20.asm
                    PORTC   0x000f82       data     extern C:\MCC18\src\traditional\proc\p18F46K20.asm
                PORTCbits   0x000f82       data     extern C:\MCC18\src\traditional\proc\p18F46K20.asm
                    PORTD   0x000f83       data     extern C:\MCC18\src\traditional\proc\p18F46K20.asm
                PORTDbits   0x000f83       data     extern C:\MCC18\src\traditional\proc\p18F46K20.asm
                    PORTE   0x000f84       data     extern C:\MCC18\src\traditional\proc\p18F46K20.asm
                PORTEbits   0x000f84       data     extern C:\MCC18\src\traditional\proc\p18F46K20.asm
                 POSTDEC0   0x000fed       data     extern C:\MCC18\src\traditional\proc\p18F46K20.asm
                 POSTDEC1   0x000fe5       data     extern C:\MCC18\src\traditional\proc\p18F46K20.asm
                 POSTDEC2   0x000fdd       data     extern C:\MCC18\src\traditional\proc\p18F46K20.asm
                 POSTINC0   0x000fee       data     extern C:\MCC18\src\traditional\proc\p18F46K20.asm
                 POSTINC1   0x000fe6       data     extern C:\MCC18\src\traditional\proc\p18F46K20.asm
                 POSTINC2   0x000fde       data     extern C:\MCC18\src\traditional\proc\p18F46K20.asm
                      PR2   0x000fcb       data     extern C:\MCC18\src\traditional\proc\p18F46K20.asm
                  PREINC0   0x000fec       data     extern C:\MCC18\src\traditional\proc\p18F46K20.asm
                  PREINC1   0x000fe4       data     extern C:\MCC18\src\traditional\proc\p18F46K20.asm
                  PREINC2   0x000fdc       data     extern C:\MCC18\src\traditional\proc\p18F46K20.asm
                     PROD   0x000ff3       data     extern C:\MCC18\src\traditional\proc\p18F46K20.asm
                    PRODH   0x000ff4       data     extern C:\MCC18\src\traditional\proc\p18F46K20.asm
                    PRODL   0x000ff3       data     extern C:\MCC18\src\traditional\proc\p18F46K20.asm
                  PSTRCON   0x000fb9       data     extern C:\MCC18\src\traditional\proc\p18F46K20.asm
              PSTRCONbits   0x000fb9       data     extern C:\MCC18\src\traditional\proc\p18F46K20.asm
                  PWM1CON   0x000fb7       data     extern C:\MCC18\src\traditional\proc\p18F46K20.asm
              PWM1CONbits   0x000fb7       data     extern C:\MCC18\src\traditional\proc\p18F46K20.asm
                     RCON   0x000fd0       data     extern C:\MCC18\src\traditional\proc\p18F46K20.asm
                 RCONbits   0x000fd0       data     extern C:\MCC18\src\traditional\proc\p18F46K20.asm
                    RCREG   0x000fae       data     extern C:\MCC18\src\traditional\proc\p18F46K20.asm
                    RCSTA   0x000fab       data     extern C:\MCC18\src\traditional\proc\p18F46K20.asm
                RCSTAbits   0x000fab       data     extern C:\MCC18\src\traditional\proc\p18F46K20.asm
                     SIGN   0x000000       data     extern C:\MCC18\src\traditional\math\cmath18.asm
                   SLRCON   0x000f78       data     extern C:\MCC18\src\traditional\proc\p18F46K20.asm
               SLRCONbits   0x000f78       data     extern C:\MCC18\src\traditional\proc\p18F46K20.asm
                    SPBRG   0x000faf       data     extern C:\MCC18\src\traditional\proc\p18F46K20.asm
                   SPBRGH   0x000fb0       data     extern C:\MCC18\src\traditional\proc\p18F46K20.asm
                   SSPADD   0x000fc8       data     extern C:\MCC18\src\traditional\proc\p18F46K20.asm
                   SSPBUF   0x000fc9       data     extern C:\MCC18\src\traditional\proc\p18F46K20.asm
                  SSPCON1   0x000fc6       data     extern C:\MCC18\src\traditional\proc\p18F46K20.asm
              SSPCON1bits   0x000fc6       data     extern C:\MCC18\src\traditional\proc\p18F46K20.asm
                  SSPCON2   0x000fc5       data     extern C:\MCC18\src\traditional\proc\p18F46K20.asm
              SSPCON2bits   0x000fc5       data     extern C:\MCC18\src\traditional\proc\p18F46K20.asm
                   SSPMSK   0x000f77       data     extern C:\MCC18\src\traditional\proc\p18F46K20.asm
               SSPMSKbits   0x000f77       data     extern C:\MCC18\src\traditional\proc\p18F46K20.asm
                  SSPSTAT   0x000fc7       data     extern C:\MCC18\src\traditional\proc\p18F46K20.asm
              SSPSTATbits   0x000fc7       data     extern C:\MCC18\src\traditional\proc\p18F46K20.asm
                   STATUS   0x000fd8       data     extern C:\MCC18\src\traditional\proc\p18F46K20.asm
               STATUSbits   0x000fd8       data     extern C:\MCC18\src\traditional\proc\p18F46K20.asm
                   STKPTR   0x000ffc       data     extern C:\MCC18\src\traditional\proc\p18F46K20.asm
               STKPTRbits   0x000ffc       data     extern C:\MCC18\src\traditional\proc\p18F46K20.asm
                    T0CON   0x000fd5       data     extern C:\MCC18\src\traditional\proc\p18F46K20.asm
                T0CONbits   0x000fd5       data     extern C:\MCC18\src\traditional\proc\p18F46K20.asm
                    T1CON   0x000fcd       data     extern C:\MCC18\src\traditional\proc\p18F46K20.asm
                T1CONbits   0x000fcd       data     extern C:\MCC18\src\traditional\proc\p18F46K20.asm
                    T2CON   0x000fca       data     extern C:\MCC18\src\traditional\proc\p18F46K20.asm
                T2CONbits   0x000fca       data     extern C:\MCC18\src\traditional\proc\p18F46K20.asm
                    T3CON   0x000fb1       data     extern C:\MCC18\src\traditional\proc\p18F46K20.asm
                T3CONbits   0x000fb1       data     extern C:\MCC18\src\traditional\proc\p18F46K20.asm
                   TABLAT   0x000ff5       data     extern C:\MCC18\src\traditional\proc\p18F46K20.asm
                   TBLPTR   0x000ff6       data     extern C:\MCC18\src\traditional\proc\p18F46K20.asm
                  TBLPTRH   0x000ff7       data     extern C:\MCC18\src\traditional\proc\p18F46K20.asm
                  TBLPTRL   0x000ff6       data     extern C:\MCC18\src\traditional\proc\p18F46K20.asm
                  TBLPTRU   0x000ff8       data     extern C:\MCC18\src\traditional\proc\p18F46K20.asm
                    TMR0H   0x000fd7       data     extern C:\MCC18\src\traditional\proc\p18F46K20.asm
                    TMR0L   0x000fd6       data     extern C:\MCC18\src\traditional\proc\p18F46K20.asm
                    TMR1H   0x000fcf       data     extern C:\MCC18\src\traditional\proc\p18F46K20.asm
                    TMR1L   0x000fce       data     extern C:\MCC18\src\traditional\proc\p18F46K20.asm
                     TMR2   0x000fcc       data     extern C:\MCC18\src\traditional\proc\p18F46K20.asm
                    TMR3H   0x000fb3       data     extern C:\MCC18\src\traditional\proc\p18F46K20.asm
                    TMR3L   0x000fb2       data     extern C:\MCC18\src\traditional\proc\p18F46K20.asm
                      TOS   0x000ffd       data     extern C:\MCC18\src\traditional\proc\p18F46K20.asm
                     TOSH   0x000ffe       data     extern C:\MCC18\src\traditional\proc\p18F46K20.asm
                     TOSL   0x000ffd       data     extern C:\MCC18\src\traditional\proc\p18F46K20.asm
                     TOSU   0x000fff       data     extern C:\MCC18\src\traditional\proc\p18F46K20.asm
                    TRISA   0x000f92       data     extern C:\MCC18\src\traditional\proc\p18F46K20.asm
                TRISAbits   0x000f92       data     extern C:\MCC18\src\traditional\proc\p18F46K20.asm
                    TRISB   0x000f93       data     extern C:\MCC18\src\traditional\proc\p18F46K20.asm
                TRISBbits   0x000f93       data     extern C:\MCC18\src\traditional\proc\p18F46K20.asm
                    TRISC   0x000f94       data     extern C:\MCC18\src\traditional\proc\p18F46K20.asm
                TRISCbits   0x000f94       data     extern C:\MCC18\src\traditional\proc\p18F46K20.asm
                    TRISD   0x000f95       data     extern C:\MCC18\src\traditional\proc\p18F46K20.asm
                TRISDbits   0x000f95       data     extern C:\MCC18\src\traditional\proc\p18F46K20.asm
                    TRISE   0x000f96       data     extern C:\MCC18\src\traditional\proc\p18F46K20.asm
                TRISEbits   0x000f96       data     extern C:\MCC18\src\traditional\proc\p18F46K20.asm
                    TXREG   0x000fad       data     extern C:\MCC18\src\traditional\proc\p18F46K20.asm
                    TXSTA   0x000fac       data     extern C:\MCC18\src\traditional\proc\p18F46K20.asm
                TXSTAbits   0x000fac       data     extern C:\MCC18\src\traditional\proc\p18F46K20.asm
                        W   0x000fe8       data     extern C:\MCC18\src\traditional\proc\p18F46K20.asm
                   WDTCON   0x000fd1       data     extern C:\MCC18\src\traditional\proc\p18F46K20.asm
               WDTCONbits   0x000fd1       data     extern C:\MCC18\src\traditional\proc\p18F46K20.asm
                     WPUB   0x000f7c       data     extern C:\MCC18\src\traditional\proc\p18F46K20.asm
                 WPUBbits   0x000f7c       data     extern C:\MCC18\src\traditional\proc\p18F46K20.asm
                     WREG   0x000fe8       data     extern C:\MCC18\src\traditional\proc\p18F46K20.asm
                 __AARGB0   0x000009       data     extern C:\MCC18\src\traditional\math\aarg.asm
                 __AARGB1   0x000008       data     extern C:\MCC18\src\traditional\math\aarg.asm
                 __AARGB2   0x000007       data     extern C:\MCC18\src\traditional\math\aarg.asm
                 __AARGB3   0x000006       data     extern C:\MCC18\src\traditional\math\aarg.asm
                 __AARGB4   0x000005       data     extern C:\MCC18\src\traditional\math\aarg.asm
                 __AARGB5   0x000004       data     extern C:\MCC18\src\traditional\math\aarg.asm
                 __AARGB6   0x000003       data     extern C:\MCC18\src\traditional\math\aarg.asm
                 __AARGB7   0x000002       data     extern C:\MCC18\src\traditional\math\aarg.asm
                   __AEXP   0x00000a       data     extern C:\MCC18\src\traditional\math\aarg.asm
                 __BARGB0   0x00000e       data     extern C:\MCC18\src\traditional\math\barg.asm
                 __BARGB1   0x00000d       data     extern C:\MCC18\src\traditional\math\barg.asm
                 __BARGB2   0x00000c       data     extern C:\MCC18\src\traditional\math\barg.asm
                 __BARGB3   0x00000b       data     extern C:\MCC18\src\traditional\math\barg.asm
                   __BEXP   0x00000f       data     extern C:\MCC18\src\traditional\math\barg.asm
                __FPFLAGS   0x000001       data     extern C:\MCC18\src\traditional\math\cmath18.asm
            __FPFLAGSbits   0x000001       data     extern C:\MCC18\src\traditional\math\cmath18.asm
                  __REMB0   0x000005       data     extern C:\MCC18\src\traditional\math\aarg.asm
                  __REMB1   0x000004       data     extern C:\MCC18\src\traditional\math\aarg.asm
                  __REMB2   0x000003       data     extern C:\MCC18\src\traditional\math\aarg.asm
                  __REMB3   0x000002       data     extern C:\MCC18\src\traditional\math\aarg.asm
                   __TEMP   0x000013       data     extern C:\MCC18\src\traditional\math\temparg.asm
                 __TEMPB0   0x000013       data     extern C:\MCC18\src\traditional\math\temparg.asm
                 __TEMPB1   0x000012       data     extern C:\MCC18\src\traditional\math\temparg.asm
                 __TEMPB2   0x000011       data     extern C:\MCC18\src\traditional\math\temparg.asm
                 __TEMPB3   0x000010       data     extern C:\MCC18\src\traditional\math\temparg.asm
                  __tmp_0   0x000014       data     static I:\Projects\Cumulus\boot\main.c
                card_type   0x000600       data     extern I:\Projects\Cumulus\boot\main.c
        cluster_begin_lba   0x000f0c       data     extern I:\Projects\Cumulus\boot\main.c
                curr_byte   0x000f19       data     static C:\MCC18\src\traditional\startup\c018i.c
               curr_entry   0x000f1b       data     static C:\MCC18\src\traditional\startup\c018i.c
                 data_ptr   0x000f1d       data     static C:\MCC18\src\traditional\startup\c018i.c
            fat_begin_lba   0x000f04       data     extern I:\Projects\Cumulus\boot\main.c
                fat_count   0x000f11       data     extern I:\Projects\Cumulus\boot\main.c
            fpp_begin_lba   0x000f00       data     extern I:\Projects\Cumulus\boot\main.c
                     prom   0x000f16       data     static C:\MCC18\src\traditional\startup\c018i.c
    reserved_sector_count   0x000f14       data     extern I:\Projects\Cumulus\boot\main.c
   root_dir_first_cluster   0x000f12       data     extern I:\Projects\Cumulus\boot\main.c
            sector_buffer   0x000400       data     extern I:\Projects\Cumulus\boot\main.c
      sectors_per_cluster   0x000f10       data     extern I:\Projects\Cumulus\boot\main.c
          sectors_per_fat   0x000f08       data     extern I:\Projects\Cumulus\boot\main.c



                              Symbols - Sorted by Address
                     Name    Address   Location    Storage File                     
                ---------  ---------  ---------  --------- ---------                
                   _entry   0x000000    program     extern C:\MCC18\src\traditional\startup\c018i.c
       ___return_lbl00000   0x000004    program     static                          
                _high_ISR   0x000008    program     extern I:\Projects\Cumulus\boot\main.c
       ___return_lbl00000   0x00000c    program     static                          
                 _low_ISR   0x000018    program     extern I:\Projects\Cumulus\boot\main.c
       ___return_lbl00001   0x00001c    program     static                          
       erase_program_page   0x00002c    program     extern I:\Projects\Cumulus\boot\main.c
              init_EUSART   0x0000d4    program     static I:\Projects\Cumulus\boot\main.c
      n6610_write_command   0x0000f2    program     static I:\Projects\Cumulus\boot\main.c
         n6610_write_data   0x000114    program     static I:\Projects\Cumulus\boot\main.c
             reverse_bits   0x000138    program     static I:\Projects\Cumulus\boot\main.c
          n6610_fill_area   0x000160    program     static I:\Projects\Cumulus\boot\main.c
          n6610_draw_char   0x000200    program     extern I:\Projects\Cumulus\boot\main.c
       n6610_draw_rom_str   0x000322    program     extern I:\Projects\Cumulus\boot\main.c
n6610_debug_message_short   0x000374    program     extern I:\Projects\Cumulus\boot\main.c
               n6610_init   0x00042c    program     extern I:\Projects\Cumulus\boot\main.c
                      SPI   0x0004a6    program     static I:\Projects\Cumulus\boot\main.c
             card_command   0x0004c0    program     extern I:\Projects\Cumulus\boot\main.c
                card_init   0x0004f4    program     extern I:\Projects\Cumulus\boot\main.c
                card_read   0x0005d0    program     extern I:\Projects\Cumulus\boot\main.c
               fat32_init   0x0006f0    program     extern I:\Projects\Cumulus\boot\main.c
          update_firmware   0x0008a0    program     extern I:\Projects\Cumulus\boot\main.c
                     main   0x000bcc    program     extern I:\Projects\Cumulus\boot\main.c
               __tmplbl_3   0x000bdc    program     static                          
               __tmplbl_2   0x000be2    program     static                          
           ___if_lbl00104   0x000c04    program     static                          
       ___return_lbl00102   0x000c08    program     static                          
                   __pa_0   0x000c0a    program     static I:\Projects\Cumulus\boot\main.c
                   __pa_1   0x000c18    program     static I:\Projects\Cumulus\boot\main.c
                   __pa_2   0x000c22    program     static I:\Projects\Cumulus\boot\main.c
                   __pa_3   0x000c26    program     static I:\Projects\Cumulus\boot\main.c
                   __pa_4   0x000c30    program     static I:\Projects\Cumulus\boot\main.c
              __tmplbl_11   0x000c3a    program     static                          
              __tmplbl_12   0x000c3a    program     static                          
              __tmplbl_13   0x000c3a    program     static                          
              __tmplbl_14   0x000c3a    program     static                          
              __tmplbl_16   0x000c3a    program     static                          
              __tmplbl_10   0x000c3a    program     static                          
                   __pa_5   0x000c3a    program     static I:\Projects\Cumulus\boot\main.c
               __tmplbl_7   0x000c3a    program     static                          
               __tmplbl_4   0x000c3a    program     static                          
                   __pa_6   0x000c42    program     static I:\Projects\Cumulus\boot\main.c
                   __pa_7   0x000c50    program     static I:\Projects\Cumulus\boot\main.c
                   __pa_8   0x000c62    program     static I:\Projects\Cumulus\boot\main.c
                   __pa_9   0x000c74    program     static I:\Projects\Cumulus\boot\main.c
                  __pa_10   0x000c82    program     static I:\Projects\Cumulus\boot\main.c
                  __pa_11   0x000c90    program     static I:\Projects\Cumulus\boot\main.c
                  __pa_12   0x000c9e    program     static I:\Projects\Cumulus\boot\main.c
                  __pa_13   0x000cc2    program     static I:\Projects\Cumulus\boot\main.c
                  __pa_14   0x000ce2    program     static I:\Projects\Cumulus\boot\main.c
                  __pa_15   0x000cf4    program     static I:\Projects\Cumulus\boot\main.c
                  __pa_16   0x000d00    program     static I:\Projects\Cumulus\boot\main.c
                  __pa_17   0x000d0c    program     static I:\Projects\Cumulus\boot\main.c
                  __pa_18   0x000d18    program     static I:\Projects\Cumulus\boot\main.c
                  __pa_19   0x000d32    program     static I:\Projects\Cumulus\boot\main.c
                  __pa_20   0x000d40    program     static I:\Projects\Cumulus\boot\main.c
                  __pa_21   0x000d58    program     static I:\Projects\Cumulus\boot\main.c
                  __pa_22   0x000d5e    program     static I:\Projects\Cumulus\boot\main.c
                  __pa_23   0x000d6a    program     static I:\Projects\Cumulus\boot\main.c
                  __pa_24   0x000d7a    program     static I:\Projects\Cumulus\boot\main.c
                  __pa_25   0x000d80    program     static I:\Projects\Cumulus\boot\main.c
                  __pa_26   0x000d94    program     static I:\Projects\Cumulus\boot\main.c
                  __pa_27   0x000da8    program     static I:\Projects\Cumulus\boot\main.c
                  __pa_28   0x000db0    program     static I:\Projects\Cumulus\boot\main.c
                  __pa_29   0x000dc2    program     static I:\Projects\Cumulus\boot\main.c
                  __pa_30   0x000dca    program     static I:\Projects\Cumulus\boot\main.c
                  __pa_31   0x000dd4    program     static I:\Projects\Cumulus\boot\main.c
                  __pa_32   0x000de4    program     static I:\Projects\Cumulus\boot\main.c
                  __pa_33   0x000df2    program     static I:\Projects\Cumulus\boot\main.c
                  __pa_34   0x000e00    program     static I:\Projects\Cumulus\boot\main.c
                  __pa_35   0x000e0e    program     static I:\Projects\Cumulus\boot\main.c
                  __pa_36   0x000e18    program     static I:\Projects\Cumulus\boot\main.c
                  __pa_37   0x000e22    program     static I:\Projects\Cumulus\boot\main.c
                  __pa_38   0x000e2a    program     static I:\Projects\Cumulus\boot\main.c
                  __pa_39   0x000e30    program     static I:\Projects\Cumulus\boot\main.c
                  __pa_40   0x000e42    program     static I:\Projects\Cumulus\boot\main.c
                  __pa_41   0x000e4a    program     static I:\Projects\Cumulus\boot\main.c
                  __pa_42   0x000e52    program     static I:\Projects\Cumulus\boot\main.c
                  __pa_43   0x000e60    program     static I:\Projects\Cumulus\boot\main.c
                  __pa_44   0x000e6a    program     static I:\Projects\Cumulus\boot\main.c
                  __pa_45   0x000e74    program     static I:\Projects\Cumulus\boot\main.c
                  __pa_46   0x000e7e    program     static I:\Projects\Cumulus\boot\main.c
                  __pa_47   0x000e88    program     static I:\Projects\Cumulus\boot\main.c
                  __pa_48   0x000e92    program     static I:\Projects\Cumulus\boot\main.c
                  __pa_49   0x000e9a    program     static I:\Projects\Cumulus\boot\main.c
                  __pa_50   0x000ea2    program     static I:\Projects\Cumulus\boot\main.c
                 _FONT6X8   0x000eaa    program     static I:\Projects\Cumulus\fw\fonts.h
          str_cumulus_bin   0x0011b2    program     extern I:\Projects\Cumulus\boot\main.c
            reverse_table   0x0011be    program     static I:\Projects\Cumulus\boot\main.c
               hex_lookup   0x0011ce    program     extern I:\Projects\Cumulus\boot\main.c
                _do_cinit   0x0011de    program     extern C:\MCC18\src\traditional\startup\c018i.c
                     test   0x0011f8    program     static                          
                copy_loop   0x001250    program     static                          
            copy_one_byte   0x001256    program     static                          
             done_copying   0x001264    program     static                          
       ___return_lbl00002   0x00127a    program     static                          
                     done   0x00127a    program     static                          
                  FXM3232   0x00127c    program     extern C:\MCC18\src\traditional\math\fxm3232.c
       ___return_lbl00000   0x0012ea    program     static                          
                 FXM1616U   0x0012ec    program     extern C:\MCC18\src\traditional\math\fxm1616u.asm
               __string_2   0x001328    program     static I:\Projects\Cumulus\boot\main.c
               __string_1   0x00133b    program     static I:\Projects\Cumulus\boot\main.c
              Delay1KTCYx   0x00134e    program     extern C:\MCC18\src\traditional\delays\d1ktcyx.asm
                     D1Kx   0x001358    program     static C:\MCC18\src\traditional\delays\d1ktcyx.asm
                    D1K_1   0x00135a    program     static C:\MCC18\src\traditional\delays\d1ktcyx.asm
        _D1KTCYXCODE_0010   0x00135e    program     static C:\MCC18\src\traditional\delays\d1ktcyx.asm
        _D1KTCYXCODE_0016   0x001364    program     static C:\MCC18\src\traditional\delays\d1ktcyx.asm
            __zero_memory   0x00136e    program     extern C:\MCC18\src\traditional\proc\p18F46K20.asm
               zero_block   0x00137c    program     static C:\MCC18\src\traditional\proc\p18F46K20.asm
                   loop_h   0x00137c    program     static C:\MCC18\src\traditional\proc\p18F46K20.asm
                compare_l   0x001384    program     static C:\MCC18\src\traditional\proc\p18F46K20.asm
                   loop_l   0x001386    program     static C:\MCC18\src\traditional\proc\p18F46K20.asm
                 _startup   0x00138e    program     extern C:\MCC18\src\traditional\startup\c018i.c
                     loop   0x00139e    program     static                          
       ___return_lbl00001   0x0013a8    program     static                          
                   __init   0x0013aa    program     extern C:\MCC18\src\traditional\stdclib\__init.c
               __config_0   0x300001    program     static I:\Projects\Cumulus\boot\main.c
               __config_1   0x300002    program     static I:\Projects\Cumulus\boot\main.c
               __config_2   0x300003    program     static I:\Projects\Cumulus\boot\main.c
               __config_3   0x300005    program     static I:\Projects\Cumulus\boot\main.c
               __config_4   0x300006    program     static I:\Projects\Cumulus\boot\main.c
               __config_5   0x300008    program     static I:\Projects\Cumulus\boot\main.c
               __config_6   0x300009    program     static I:\Projects\Cumulus\boot\main.c
               __config_7   0x30000a    program     static I:\Projects\Cumulus\boot\main.c
               __config_8   0x30000b    program     static I:\Projects\Cumulus\boot\main.c
                     SIGN   0x000000       data     extern C:\MCC18\src\traditional\math\cmath18.asm
            __FPFLAGSbits   0x000001       data     extern C:\MCC18\src\traditional\math\cmath18.asm
                __FPFLAGS   0x000001       data     extern C:\MCC18\src\traditional\math\cmath18.asm
                 __AARGB7   0x000002       data     extern C:\MCC18\src\traditional\math\aarg.asm
                  __REMB3   0x000002       data     extern C:\MCC18\src\traditional\math\aarg.asm
                 __AARGB6   0x000003       data     extern C:\MCC18\src\traditional\math\aarg.asm
                  __REMB2   0x000003       data     extern C:\MCC18\src\traditional\math\aarg.asm
                  __REMB1   0x000004       data     extern C:\MCC18\src\traditional\math\aarg.asm
                 __AARGB5   0x000004       data     extern C:\MCC18\src\traditional\math\aarg.asm
                  __REMB0   0x000005       data     extern C:\MCC18\src\traditional\math\aarg.asm
                 __AARGB4   0x000005       data     extern C:\MCC18\src\traditional\math\aarg.asm
                 __AARGB3   0x000006       data     extern C:\MCC18\src\traditional\math\aarg.asm
                 __AARGB2   0x000007       data     extern C:\MCC18\src\traditional\math\aarg.asm
                 __AARGB1   0x000008       data     extern C:\MCC18\src\traditional\math\aarg.asm
                 __AARGB0   0x000009       data     extern C:\MCC18\src\traditional\math\aarg.asm
                   __AEXP   0x00000a       data     extern C:\MCC18\src\traditional\math\aarg.asm
                 __BARGB3   0x00000b       data     extern C:\MCC18\src\traditional\math\barg.asm
                 __BARGB2   0x00000c       data     extern C:\MCC18\src\traditional\math\barg.asm
                 __BARGB1   0x00000d       data     extern C:\MCC18\src\traditional\math\barg.asm
                 __BARGB0   0x00000e       data     extern C:\MCC18\src\traditional\math\barg.asm
                   __BEXP   0x00000f       data     extern C:\MCC18\src\traditional\math\barg.asm
                 __TEMPB3   0x000010       data     extern C:\MCC18\src\traditional\math\temparg.asm
                 __TEMPB2   0x000011       data     extern C:\MCC18\src\traditional\math\temparg.asm
                 __TEMPB1   0x000012       data     extern C:\MCC18\src\traditional\math\temparg.asm
                   __TEMP   0x000013       data     extern C:\MCC18\src\traditional\math\temparg.asm
                 __TEMPB0   0x000013       data     extern C:\MCC18\src\traditional\math\temparg.asm
                  __tmp_0   0x000014       data     static I:\Projects\Cumulus\boot\main.c
            DelayCounter1   0x000024       data     extern C:\MCC18\src\traditional\delays\delayd1.asm
            sector_buffer   0x000400       data     extern I:\Projects\Cumulus\boot\main.c
                card_type   0x000600       data     extern I:\Projects\Cumulus\boot\main.c
            fpp_begin_lba   0x000f00       data     extern I:\Projects\Cumulus\boot\main.c
            fat_begin_lba   0x000f04       data     extern I:\Projects\Cumulus\boot\main.c
          sectors_per_fat   0x000f08       data     extern I:\Projects\Cumulus\boot\main.c
        cluster_begin_lba   0x000f0c       data     extern I:\Projects\Cumulus\boot\main.c
      sectors_per_cluster   0x000f10       data     extern I:\Projects\Cumulus\boot\main.c
                fat_count   0x000f11       data     extern I:\Projects\Cumulus\boot\main.c
   root_dir_first_cluster   0x000f12       data     extern I:\Projects\Cumulus\boot\main.c
    reserved_sector_count   0x000f14       data     extern I:\Projects\Cumulus\boot\main.c
                     prom   0x000f16       data     static C:\MCC18\src\traditional\startup\c018i.c
                curr_byte   0x000f19       data     static C:\MCC18\src\traditional\startup\c018i.c
               curr_entry   0x000f1b       data     static C:\MCC18\src\traditional\startup\c018i.c
                 data_ptr   0x000f1d       data     static C:\MCC18\src\traditional\startup\c018i.c
               SSPMSKbits   0x000f77       data     extern C:\MCC18\src\traditional\proc\p18F46K20.asm
                   SSPMSK   0x000f77       data     extern C:\MCC18\src\traditional\proc\p18F46K20.asm
               SLRCONbits   0x000f78       data     extern C:\MCC18\src\traditional\proc\p18F46K20.asm
                   SLRCON   0x000f78       data     extern C:\MCC18\src\traditional\proc\p18F46K20.asm
              CM2CON1bits   0x000f79       data     extern C:\MCC18\src\traditional\proc\p18F46K20.asm
                  CM2CON1   0x000f79       data     extern C:\MCC18\src\traditional\proc\p18F46K20.asm
                  CM2CON0   0x000f7a       data     extern C:\MCC18\src\traditional\proc\p18F46K20.asm
              CM2CON0bits   0x000f7a       data     extern C:\MCC18\src\traditional\proc\p18F46K20.asm
                  CM1CON0   0x000f7b       data     extern C:\MCC18\src\traditional\proc\p18F46K20.asm
              CM1CON0bits   0x000f7b       data     extern C:\MCC18\src\traditional\proc\p18F46K20.asm
                     WPUB   0x000f7c       data     extern C:\MCC18\src\traditional\proc\p18F46K20.asm
                 WPUBbits   0x000f7c       data     extern C:\MCC18\src\traditional\proc\p18F46K20.asm
                     IOCB   0x000f7d       data     extern C:\MCC18\src\traditional\proc\p18F46K20.asm
                 IOCBbits   0x000f7d       data     extern C:\MCC18\src\traditional\proc\p18F46K20.asm
                ANSELbits   0x000f7e       data     extern C:\MCC18\src\traditional\proc\p18F46K20.asm
                    ANSEL   0x000f7e       data     extern C:\MCC18\src\traditional\proc\p18F46K20.asm
               ANSELHbits   0x000f7f       data     extern C:\MCC18\src\traditional\proc\p18F46K20.asm
                   ANSELH   0x000f7f       data     extern C:\MCC18\src\traditional\proc\p18F46K20.asm
                PORTAbits   0x000f80       data     extern C:\MCC18\src\traditional\proc\p18F46K20.asm
                    PORTA   0x000f80       data     extern C:\MCC18\src\traditional\proc\p18F46K20.asm
                PORTBbits   0x000f81       data     extern C:\MCC18\src\traditional\proc\p18F46K20.asm
                    PORTB   0x000f81       data     extern C:\MCC18\src\traditional\proc\p18F46K20.asm
                PORTCbits   0x000f82       data     extern C:\MCC18\src\traditional\proc\p18F46K20.asm
                    PORTC   0x000f82       data     extern C:\MCC18\src\traditional\proc\p18F46K20.asm
                PORTDbits   0x000f83       data     extern C:\MCC18\src\traditional\proc\p18F46K20.asm
                    PORTD   0x000f83       data     extern C:\MCC18\src\traditional\proc\p18F46K20.asm
                PORTEbits   0x000f84       data     extern C:\MCC18\src\traditional\proc\p18F46K20.asm
                    PORTE   0x000f84       data     extern C:\MCC18\src\traditional\proc\p18F46K20.asm
                 LATAbits   0x000f89       data     extern C:\MCC18\src\traditional\proc\p18F46K20.asm
                     LATA   0x000f89       data     extern C:\MCC18\src\traditional\proc\p18F46K20.asm
                 LATBbits   0x000f8a       data     extern C:\MCC18\src\traditional\proc\p18F46K20.asm
                     LATB   0x000f8a       data     extern C:\MCC18\src\traditional\proc\p18F46K20.asm
                     LATC   0x000f8b       data     extern C:\MCC18\src\traditional\proc\p18F46K20.asm
                 LATCbits   0x000f8b       data     extern C:\MCC18\src\traditional\proc\p18F46K20.asm
                 LATDbits   0x000f8c       data     extern C:\MCC18\src\traditional\proc\p18F46K20.asm
                     LATD   0x000f8c       data     extern C:\MCC18\src\traditional\proc\p18F46K20.asm
                 LATEbits   0x000f8d       data     extern C:\MCC18\src\traditional\proc\p18F46K20.asm
                     LATE   0x000f8d       data     extern C:\MCC18\src\traditional\proc\p18F46K20.asm
                     DDRA   0x000f92       data     extern C:\MCC18\src\traditional\proc\p18F46K20.asm
                 DDRAbits   0x000f92       data     extern C:\MCC18\src\traditional\proc\p18F46K20.asm
                    TRISA   0x000f92       data     extern C:\MCC18\src\traditional\proc\p18F46K20.asm
                TRISAbits   0x000f92       data     extern C:\MCC18\src\traditional\proc\p18F46K20.asm
                TRISBbits   0x000f93       data     extern C:\MCC18\src\traditional\proc\p18F46K20.asm
                    TRISB   0x000f93       data     extern C:\MCC18\src\traditional\proc\p18F46K20.asm
                     DDRB   0x000f93       data     extern C:\MCC18\src\traditional\proc\p18F46K20.asm
                 DDRBbits   0x000f93       data     extern C:\MCC18\src\traditional\proc\p18F46K20.asm
                TRISCbits   0x000f94       data     extern C:\MCC18\src\traditional\proc\p18F46K20.asm
                    TRISC   0x000f94       data     extern C:\MCC18\src\traditional\proc\p18F46K20.asm
                     DDRC   0x000f94       data     extern C:\MCC18\src\traditional\proc\p18F46K20.asm
                 DDRCbits   0x000f94       data     extern C:\MCC18\src\traditional\proc\p18F46K20.asm
                 DDRDbits   0x000f95       data     extern C:\MCC18\src\traditional\proc\p18F46K20.asm
                    TRISD   0x000f95       data     extern C:\MCC18\src\traditional\proc\p18F46K20.asm
                     DDRD   0x000f95       data     extern C:\MCC18\src\traditional\proc\p18F46K20.asm
                TRISDbits   0x000f95       data     extern C:\MCC18\src\traditional\proc\p18F46K20.asm
                    TRISE   0x000f96       data     extern C:\MCC18\src\traditional\proc\p18F46K20.asm
                 DDREbits   0x000f96       data     extern C:\MCC18\src\traditional\proc\p18F46K20.asm
                     DDRE   0x000f96       data     extern C:\MCC18\src\traditional\proc\p18F46K20.asm
                TRISEbits   0x000f96       data     extern C:\MCC18\src\traditional\proc\p18F46K20.asm
                  OSCTUNE   0x000f9b       data     extern C:\MCC18\src\traditional\proc\p18F46K20.asm
              OSCTUNEbits   0x000f9b       data     extern C:\MCC18\src\traditional\proc\p18F46K20.asm
                     PIE1   0x000f9d       data     extern C:\MCC18\src\traditional\proc\p18F46K20.asm
                 PIE1bits   0x000f9d       data     extern C:\MCC18\src\traditional\proc\p18F46K20.asm
                     PIR1   0x000f9e       data     extern C:\MCC18\src\traditional\proc\p18F46K20.asm
                 PIR1bits   0x000f9e       data     extern C:\MCC18\src\traditional\proc\p18F46K20.asm
                     IPR1   0x000f9f       data     extern C:\MCC18\src\traditional\proc\p18F46K20.asm
                 IPR1bits   0x000f9f       data     extern C:\MCC18\src\traditional\proc\p18F46K20.asm
                     PIE2   0x000fa0       data     extern C:\MCC18\src\traditional\proc\p18F46K20.asm
                 PIE2bits   0x000fa0       data     extern C:\MCC18\src\traditional\proc\p18F46K20.asm
                     PIR2   0x000fa1       data     extern C:\MCC18\src\traditional\proc\p18F46K20.asm
                 PIR2bits   0x000fa1       data     extern C:\MCC18\src\traditional\proc\p18F46K20.asm
                     IPR2   0x000fa2       data     extern C:\MCC18\src\traditional\proc\p18F46K20.asm
                 IPR2bits   0x000fa2       data     extern C:\MCC18\src\traditional\proc\p18F46K20.asm
               EECON1bits   0x000fa6       data     extern C:\MCC18\src\traditional\proc\p18F46K20.asm
                   EECON1   0x000fa6       data     extern C:\MCC18\src\traditional\proc\p18F46K20.asm
                   EECON2   0x000fa7       data     extern C:\MCC18\src\traditional\proc\p18F46K20.asm
                   EEDATA   0x000fa8       data     extern C:\MCC18\src\traditional\proc\p18F46K20.asm
                    EEADR   0x000fa9       data     extern C:\MCC18\src\traditional\proc\p18F46K20.asm
                EEADRbits   0x000fa9       data     extern C:\MCC18\src\traditional\proc\p18F46K20.asm
                   EEADRH   0x000faa       data     extern C:\MCC18\src\traditional\proc\p18F46K20.asm
               EEADRHbits   0x000faa       data     extern C:\MCC18\src\traditional\proc\p18F46K20.asm
                    RCSTA   0x000fab       data     extern C:\MCC18\src\traditional\proc\p18F46K20.asm
                RCSTAbits   0x000fab       data     extern C:\MCC18\src\traditional\proc\p18F46K20.asm
                TXSTAbits   0x000fac       data     extern C:\MCC18\src\traditional\proc\p18F46K20.asm
                    TXSTA   0x000fac       data     extern C:\MCC18\src\traditional\proc\p18F46K20.asm
                    TXREG   0x000fad       data     extern C:\MCC18\src\traditional\proc\p18F46K20.asm
                    RCREG   0x000fae       data     extern C:\MCC18\src\traditional\proc\p18F46K20.asm
                    SPBRG   0x000faf       data     extern C:\MCC18\src\traditional\proc\p18F46K20.asm
                   SPBRGH   0x000fb0       data     extern C:\MCC18\src\traditional\proc\p18F46K20.asm
                T3CONbits   0x000fb1       data     extern C:\MCC18\src\traditional\proc\p18F46K20.asm
                    T3CON   0x000fb1       data     extern C:\MCC18\src\traditional\proc\p18F46K20.asm
                    TMR3L   0x000fb2       data     extern C:\MCC18\src\traditional\proc\p18F46K20.asm
                    TMR3H   0x000fb3       data     extern C:\MCC18\src\traditional\proc\p18F46K20.asm
              CVRCON2bits   0x000fb4       data     extern C:\MCC18\src\traditional\proc\p18F46K20.asm
                  CVRCON2   0x000fb4       data     extern C:\MCC18\src\traditional\proc\p18F46K20.asm
               CVRCONbits   0x000fb5       data     extern C:\MCC18\src\traditional\proc\p18F46K20.asm
                   CVRCON   0x000fb5       data     extern C:\MCC18\src\traditional\proc\p18F46K20.asm
              ECCP1ASbits   0x000fb6       data     extern C:\MCC18\src\traditional\proc\p18F46K20.asm
                  ECCP1AS   0x000fb6       data     extern C:\MCC18\src\traditional\proc\p18F46K20.asm
                  PWM1CON   0x000fb7       data     extern C:\MCC18\src\traditional\proc\p18F46K20.asm
              PWM1CONbits   0x000fb7       data     extern C:\MCC18\src\traditional\proc\p18F46K20.asm
                  BAUDCON   0x000fb8       data     extern C:\MCC18\src\traditional\proc\p18F46K20.asm
              BAUDCONbits   0x000fb8       data     extern C:\MCC18\src\traditional\proc\p18F46K20.asm
                  BAUDCTL   0x000fb8       data     extern C:\MCC18\src\traditional\proc\p18F46K20.asm
              BAUDCTLbits   0x000fb8       data     extern C:\MCC18\src\traditional\proc\p18F46K20.asm
                  PSTRCON   0x000fb9       data     extern C:\MCC18\src\traditional\proc\p18F46K20.asm
              PSTRCONbits   0x000fb9       data     extern C:\MCC18\src\traditional\proc\p18F46K20.asm
                  CCP2CON   0x000fba       data     extern C:\MCC18\src\traditional\proc\p18F46K20.asm
              CCP2CONbits   0x000fba       data     extern C:\MCC18\src\traditional\proc\p18F46K20.asm
                    CCPR2   0x000fbb       data     extern C:\MCC18\src\traditional\proc\p18F46K20.asm
                   CCPR2L   0x000fbb       data     extern C:\MCC18\src\traditional\proc\p18F46K20.asm
                   CCPR2H   0x000fbc       data     extern C:\MCC18\src\traditional\proc\p18F46K20.asm
              CCP1CONbits   0x000fbd       data     extern C:\MCC18\src\traditional\proc\p18F46K20.asm
                  CCP1CON   0x000fbd       data     extern C:\MCC18\src\traditional\proc\p18F46K20.asm
                    CCPR1   0x000fbe       data     extern C:\MCC18\src\traditional\proc\p18F46K20.asm
                   CCPR1L   0x000fbe       data     extern C:\MCC18\src\traditional\proc\p18F46K20.asm
                   CCPR1H   0x000fbf       data     extern C:\MCC18\src\traditional\proc\p18F46K20.asm
               ADCON2bits   0x000fc0       data     extern C:\MCC18\src\traditional\proc\p18F46K20.asm
                   ADCON2   0x000fc0       data     extern C:\MCC18\src\traditional\proc\p18F46K20.asm
               ADCON1bits   0x000fc1       data     extern C:\MCC18\src\traditional\proc\p18F46K20.asm
                   ADCON1   0x000fc1       data     extern C:\MCC18\src\traditional\proc\p18F46K20.asm
               ADCON0bits   0x000fc2       data     extern C:\MCC18\src\traditional\proc\p18F46K20.asm
                   ADCON0   0x000fc2       data     extern C:\MCC18\src\traditional\proc\p18F46K20.asm
                    ADRES   0x000fc3       data     extern C:\MCC18\src\traditional\proc\p18F46K20.asm
                   ADRESL   0x000fc3       data     extern C:\MCC18\src\traditional\proc\p18F46K20.asm
                   ADRESH   0x000fc4       data     extern C:\MCC18\src\traditional\proc\p18F46K20.asm
              SSPCON2bits   0x000fc5       data     extern C:\MCC18\src\traditional\proc\p18F46K20.asm
                  SSPCON2   0x000fc5       data     extern C:\MCC18\src\traditional\proc\p18F46K20.asm
              SSPCON1bits   0x000fc6       data     extern C:\MCC18\src\traditional\proc\p18F46K20.asm
                  SSPCON1   0x000fc6       data     extern C:\MCC18\src\traditional\proc\p18F46K20.asm
                  SSPSTAT   0x000fc7       data     extern C:\MCC18\src\traditional\proc\p18F46K20.asm
              SSPSTATbits   0x000fc7       data     extern C:\MCC18\src\traditional\proc\p18F46K20.asm
                   SSPADD   0x000fc8       data     extern C:\MCC18\src\traditional\proc\p18F46K20.asm
                   SSPBUF   0x000fc9       data     extern C:\MCC18\src\traditional\proc\p18F46K20.asm
                T2CONbits   0x000fca       data     extern C:\MCC18\src\traditional\proc\p18F46K20.asm
                    T2CON   0x000fca       data     extern C:\MCC18\src\traditional\proc\p18F46K20.asm
                      PR2   0x000fcb       data     extern C:\MCC18\src\traditional\proc\p18F46K20.asm
                     TMR2   0x000fcc       data     extern C:\MCC18\src\traditional\proc\p18F46K20.asm
                T1CONbits   0x000fcd       data     extern C:\MCC18\src\traditional\proc\p18F46K20.asm
                    T1CON   0x000fcd       data     extern C:\MCC18\src\traditional\proc\p18F46K20.asm
                    TMR1L   0x000fce       data     extern C:\MCC18\src\traditional\proc\p18F46K20.asm
                    TMR1H   0x000fcf       data     extern C:\MCC18\src\traditional\proc\p18F46K20.asm
                     RCON   0x000fd0       data     extern C:\MCC18\src\traditional\proc\p18F46K20.asm
                 RCONbits   0x000fd0       data     extern C:\MCC18\src\traditional\proc\p18F46K20.asm
               WDTCONbits   0x000fd1       data     extern C:\MCC18\src\traditional\proc\p18F46K20.asm
                   WDTCON   0x000fd1       data     extern C:\MCC18\src\traditional\proc\p18F46K20.asm
               LVDCONbits   0x000fd2       data     extern C:\MCC18\src\traditional\proc\p18F46K20.asm
                   LVDCON   0x000fd2       data     extern C:\MCC18\src\traditional\proc\p18F46K20.asm
                  HLVDCON   0x000fd2       data     extern C:\MCC18\src\traditional\proc\p18F46K20.asm
              HLVDCONbits   0x000fd2       data     extern C:\MCC18\src\traditional\proc\p18F46K20.asm
               OSCCONbits   0x000fd3       data     extern C:\MCC18\src\traditional\proc\p18F46K20.asm
                   OSCCON   0x000fd3       data     extern C:\MCC18\src\traditional\proc\p18F46K20.asm
                T0CONbits   0x000fd5       data     extern C:\MCC18\src\traditional\proc\p18F46K20.asm
                    T0CON   0x000fd5       data     extern C:\MCC18\src\traditional\proc\p18F46K20.asm
                    TMR0L   0x000fd6       data     extern C:\MCC18\src\traditional\proc\p18F46K20.asm
                    TMR0H   0x000fd7       data     extern C:\MCC18\src\traditional\proc\p18F46K20.asm
               STATUSbits   0x000fd8       data     extern C:\MCC18\src\traditional\proc\p18F46K20.asm
                   STATUS   0x000fd8       data     extern C:\MCC18\src\traditional\proc\p18F46K20.asm
                    FSR2L   0x000fd9       data     extern C:\MCC18\src\traditional\proc\p18F46K20.asm
                     FSR2   0x000fd9       data     extern C:\MCC18\src\traditional\proc\p18F46K20.asm
                    FSR2H   0x000fda       data     extern C:\MCC18\src\traditional\proc\p18F46K20.asm
                   PLUSW2   0x000fdb       data     extern C:\MCC18\src\traditional\proc\p18F46K20.asm
                  PREINC2   0x000fdc       data     extern C:\MCC18\src\traditional\proc\p18F46K20.asm
                 POSTDEC2   0x000fdd       data     extern C:\MCC18\src\traditional\proc\p18F46K20.asm
                 POSTINC2   0x000fde       data     extern C:\MCC18\src\traditional\proc\p18F46K20.asm
                    INDF2   0x000fdf       data     extern C:\MCC18\src\traditional\proc\p18F46K20.asm
                      BSR   0x000fe0       data     extern C:\MCC18\src\traditional\proc\p18F46K20.asm
                    FSR1L   0x000fe1       data     extern C:\MCC18\src\traditional\proc\p18F46K20.asm
                     FSR1   0x000fe1       data     extern C:\MCC18\src\traditional\proc\p18F46K20.asm
                    FSR1H   0x000fe2       data     extern C:\MCC18\src\traditional\proc\p18F46K20.asm
                   PLUSW1   0x000fe3       data     extern C:\MCC18\src\traditional\proc\p18F46K20.asm
                  PREINC1   0x000fe4       data     extern C:\MCC18\src\traditional\proc\p18F46K20.asm
                 POSTDEC1   0x000fe5       data     extern C:\MCC18\src\traditional\proc\p18F46K20.asm
                 POSTINC1   0x000fe6       data     extern C:\MCC18\src\traditional\proc\p18F46K20.asm
                    INDF1   0x000fe7       data     extern C:\MCC18\src\traditional\proc\p18F46K20.asm
                     WREG   0x000fe8       data     extern C:\MCC18\src\traditional\proc\p18F46K20.asm
                        W   0x000fe8       data     extern C:\MCC18\src\traditional\proc\p18F46K20.asm
                     FSR0   0x000fe9       data     extern C:\MCC18\src\traditional\proc\p18F46K20.asm
                    FSR0L   0x000fe9       data     extern C:\MCC18\src\traditional\proc\p18F46K20.asm
                    FSR0H   0x000fea       data     extern C:\MCC18\src\traditional\proc\p18F46K20.asm
                   PLUSW0   0x000feb       data     extern C:\MCC18\src\traditional\proc\p18F46K20.asm
                  PREINC0   0x000fec       data     extern C:\MCC18\src\traditional\proc\p18F46K20.asm
                 POSTDEC0   0x000fed       data     extern C:\MCC18\src\traditional\proc\p18F46K20.asm
                 POSTINC0   0x000fee       data     extern C:\MCC18\src\traditional\proc\p18F46K20.asm
                    INDF0   0x000fef       data     extern C:\MCC18\src\traditional\proc\p18F46K20.asm
                  INTCON3   0x000ff0       data     extern C:\MCC18\src\traditional\proc\p18F46K20.asm
              INTCON3bits   0x000ff0       data     extern C:\MCC18\src\traditional\proc\p18F46K20.asm
                  INTCON2   0x000ff1       data     extern C:\MCC18\src\traditional\proc\p18F46K20.asm
              INTCON2bits   0x000ff1       data     extern C:\MCC18\src\traditional\proc\p18F46K20.asm
               INTCONbits   0x000ff2       data     extern C:\MCC18\src\traditional\proc\p18F46K20.asm
                   INTCON   0x000ff2       data     extern C:\MCC18\src\traditional\proc\p18F46K20.asm
                     PROD   0x000ff3       data     extern C:\MCC18\src\traditional\proc\p18F46K20.asm
                    PRODL   0x000ff3       data     extern C:\MCC18\src\traditional\proc\p18F46K20.asm
                    PRODH   0x000ff4       data     extern C:\MCC18\src\traditional\proc\p18F46K20.asm
                   TABLAT   0x000ff5       data     extern C:\MCC18\src\traditional\proc\p18F46K20.asm
                   TBLPTR   0x000ff6       data     extern C:\MCC18\src\traditional\proc\p18F46K20.asm
                  TBLPTRL   0x000ff6       data     extern C:\MCC18\src\traditional\proc\p18F46K20.asm
                  TBLPTRH   0x000ff7       data     extern C:\MCC18\src\traditional\proc\p18F46K20.asm
                  TBLPTRU   0x000ff8       data     extern C:\MCC18\src\traditional\proc\p18F46K20.asm
                       PC   0x000ff9       data     extern C:\MCC18\src\traditional\proc\p18F46K20.asm
                      PCL   0x000ff9       data     extern C:\MCC18\src\traditional\proc\p18F46K20.asm
                   PCLATH   0x000ffa       data     extern C:\MCC18\src\traditional\proc\p18F46K20.asm
                   PCLATU   0x000ffb       data     extern C:\MCC18\src\traditional\proc\p18F46K20.asm
               STKPTRbits   0x000ffc       data     extern C:\MCC18\src\traditional\proc\p18F46K20.asm
                   STKPTR   0x000ffc       data     extern C:\MCC18\src\traditional\proc\p18F46K20.asm
                     TOSL   0x000ffd       data     extern C:\MCC18\src\traditional\proc\p18F46K20.asm
                      TOS   0x000ffd       data     extern C:\MCC18\src\traditional\proc\p18F46K20.asm
                     TOSH   0x000ffe       data     extern C:\MCC18\src\traditional\proc\p18F46K20.asm
                     TOSU   0x000fff       data     extern C:\MCC18\src\traditional\proc\p18F46K20.asm


